
> react-kavia@0.1.0 start
> react-scripts start

(node:29992) [DEP_WEBPACK_DEV_SERVER_ON_AFTER_SETUP_MIDDLEWARE] DeprecationWarning: 'onAfterSetupMiddleware' option is deprecated. Please use the 'setupMiddlewares' option.
(Use `node --trace-deprecation ...` to show where the warning was created)
(node:29992) [DEP_WEBPACK_DEV_SERVER_ON_BEFORE_SETUP_MIDDLEWARE] DeprecationWarning: 'onBeforeSetupMiddleware' option is deprecated. Please use the 'setupMiddlewares' option.
Starting the development server...

Compiled successfully!

You can now view react-kavia in the browser.

  Local:            http://localhost:3000
  On Your Network:  http://172.17.0.2:3000

Note that the development build is not optimized.
To create a production build, use npm run build.

webpack compiled successfully
Compiling...
Compiled with warnings.

[eslint] 
src/App.js
  Line 61:26:   'type' is assigned a value but never used                                                                                                                                                        no-unused-vars
  Line 282:10:  'milestones' is assigned a value but never used                                                                                                                                                  no-unused-vars
  Line 282:22:  'setMilestones' is assigned a value but never used                                                                                                                                               no-unused-vars
  Line 283:10:  'milestoneModal' is assigned a value but never used                                                                                                                                              no-unused-vars
  Line 283:26:  'setMilestoneModal' is assigned a value but never used                                                                                                                                           no-unused-vars
  Line 284:10:  'milestoneForm' is assigned a value but never used                                                                                                                                               no-unused-vars
  Line 284:25:  'setMilestoneForm' is assigned a value but never used                                                                                                                                            no-unused-vars
  Line 285:10:  'milestoneFormError' is assigned a value but never used                                                                                                                                          no-unused-vars
  Line 285:30:  'setMilestoneFormError' is assigned a value but never used                                                                                                                                       no-unused-vars
  Line 377:12:  'uploading' is assigned a value but never used                                                                                                                                                   no-unused-vars
  Line 462:17:  Redundant alt attribute. Screen-readers already announce `img` tags as an image. You don’t need to use the words `image`, `photo,` or `picture` (or any specified custom words) in the alt prop  jsx-a11y/img-redundant-alt

Search for the keywords to learn more about each warning.
To ignore, add // eslint-disable-next-line to the line before.

WARNING in [eslint] 
src/App.js
  Line 61:26:   'type' is assigned a value but never used                                                                                                                                                        no-unused-vars
  Line 282:10:  'milestones' is assigned a value but never used                                                                                                                                                  no-unused-vars
  Line 282:22:  'setMilestones' is assigned a value but never used                                                                                                                                               no-unused-vars
  Line 283:10:  'milestoneModal' is assigned a value but never used                                                                                                                                              no-unused-vars
  Line 283:26:  'setMilestoneModal' is assigned a value but never used                                                                                                                                           no-unused-vars
  Line 284:10:  'milestoneForm' is assigned a value but never used                                                                                                                                               no-unused-vars
  Line 284:25:  'setMilestoneForm' is assigned a value but never used                                                                                                                                            no-unused-vars
  Line 285:10:  'milestoneFormError' is assigned a value but never used                                                                                                                                          no-unused-vars
  Line 285:30:  'setMilestoneFormError' is assigned a value but never used                                                                                                                                       no-unused-vars
  Line 377:12:  'uploading' is assigned a value but never used                                                                                                                                                   no-unused-vars
  Line 462:17:  Redundant alt attribute. Screen-readers already announce `img` tags as an image. You don’t need to use the words `image`, `photo,` or `picture` (or any specified custom words) in the alt prop  jsx-a11y/img-redundant-alt

webpack compiled with 1 warning
Compiling...
Compiled with warnings.

[eslint] 
src/App.js
  Line 61:26:   'type' is assigned a value but never used                                                                                                                                                        no-unused-vars
  Line 282:10:  'milestones' is assigned a value but never used                                                                                                                                                  no-unused-vars
  Line 282:22:  'setMilestones' is assigned a value but never used                                                                                                                                               no-unused-vars
  Line 283:10:  'milestoneModal' is assigned a value but never used                                                                                                                                              no-unused-vars
  Line 283:26:  'setMilestoneModal' is assigned a value but never used                                                                                                                                           no-unused-vars
  Line 284:10:  'milestoneForm' is assigned a value but never used                                                                                                                                               no-unused-vars
  Line 284:25:  'setMilestoneForm' is assigned a value but never used                                                                                                                                            no-unused-vars
  Line 285:10:  'milestoneFormError' is assigned a value but never used                                                                                                                                          no-unused-vars
  Line 285:30:  'setMilestoneFormError' is assigned a value but never used                                                                                                                                       no-unused-vars
  Line 377:12:  'uploading' is assigned a value but never used                                                                                                                                                   no-unused-vars
  Line 462:17:  Redundant alt attribute. Screen-readers already announce `img` tags as an image. You don’t need to use the words `image`, `photo,` or `picture` (or any specified custom words) in the alt prop  jsx-a11y/img-redundant-alt

Search for the keywords to learn more about each warning.
To ignore, add // eslint-disable-next-line to the line before.

WARNING in [eslint] 
src/App.js
  Line 61:26:   'type' is assigned a value but never used                                                                                                                                                        no-unused-vars
  Line 282:10:  'milestones' is assigned a value but never used                                                                                                                                                  no-unused-vars
  Line 282:22:  'setMilestones' is assigned a value but never used                                                                                                                                               no-unused-vars
  Line 283:10:  'milestoneModal' is assigned a value but never used                                                                                                                                              no-unused-vars
  Line 283:26:  'setMilestoneModal' is assigned a value but never used                                                                                                                                           no-unused-vars
  Line 284:10:  'milestoneForm' is assigned a value but never used                                                                                                                                               no-unused-vars
  Line 284:25:  'setMilestoneForm' is assigned a value but never used                                                                                                                                            no-unused-vars
  Line 285:10:  'milestoneFormError' is assigned a value but never used                                                                                                                                          no-unused-vars
  Line 285:30:  'setMilestoneFormError' is assigned a value but never used                                                                                                                                       no-unused-vars
  Line 377:12:  'uploading' is assigned a value but never used                                                                                                                                                   no-unused-vars
  Line 462:17:  Redundant alt attribute. Screen-readers already announce `img` tags as an image. You don’t need to use the words `image`, `photo,` or `picture` (or any specified custom words) in the alt prop  jsx-a11y/img-redundant-alt

webpack compiled with 1 warning
Compiling...
Failed to compile.

[eslint] 
src/App.js
  Line 626:18:  'MilestonesPage' is not defined  react/jsx-no-undef
  Line 641:20:  'MilestoneModal' is not defined  react/jsx-no-undef

Search for the keywords to learn more about each error.
WARNING in [eslint] 
src/App.js
  Line 61:26:   'type' is assigned a value but never used                                                                                                                                                        no-unused-vars
  Line 377:12:  'uploading' is assigned a value but never used                                                                                                                                                   no-unused-vars
  Line 462:17:  Redundant alt attribute. Screen-readers already announce `img` tags as an image. You don’t need to use the words `image`, `photo,` or `picture` (or any specified custom words) in the alt prop  jsx-a11y/img-redundant-alt

ERROR in [eslint] 
src/App.js
  Line 626:18:  'MilestonesPage' is not defined  react/jsx-no-undef
  Line 641:20:  'MilestoneModal' is not defined  react/jsx-no-undef

Search for the keywords to learn more about each error.

webpack compiled with 1 error and 1 warning
Compiling...
Compiled with warnings.

[eslint] 
src/App.js
  Line 61:26:   'type' is assigned a value but never used                                                                                                                                                        no-unused-vars
  Line 377:12:  'uploading' is assigned a value but never used                                                                                                                                                   no-unused-vars
  Line 462:17:  Redundant alt attribute. Screen-readers already announce `img` tags as an image. You don’t need to use the words `image`, `photo,` or `picture` (or any specified custom words) in the alt prop  jsx-a11y/img-redundant-alt

Search for the keywords to learn more about each warning.
To ignore, add // eslint-disable-next-line to the line before.

WARNING in [eslint] 
src/App.js
  Line 61:26:   'type' is assigned a value but never used                                                                                                                                                        no-unused-vars
  Line 377:12:  'uploading' is assigned a value but never used                                                                                                                                                   no-unused-vars
  Line 462:17:  Redundant alt attribute. Screen-readers already announce `img` tags as an image. You don’t need to use the words `image`, `photo,` or `picture` (or any specified custom words) in the alt prop  jsx-a11y/img-redundant-alt

webpack compiled with 1 warning
